// Jest Snapshot v1, https://goo.gl/fbAQLP

exports[`Testing MultipleCustomHook component should display correctly 1`] = `
<div>
  <h1
    className="title"
  >
    Breaking Bad Quotes
  </h1>
  <hr />
  <div
    className="alert alert-info text-center"
  >
    Loading...
  </div>
  <button
    className="btn btn-primary"
    onClick={[Function]}
  >
     Mas frases!
  </button>
</div>
`;
